[www.rexcheats.com/index.html]
[backblue.gif]
[fade.gif]
[index.html]
[www.rexcheats.com/img/favicon.png]
[www.rexcheats.com/css/bootstrap.min.css]
[www.rexcheats.com/css/animate.min.css]
[www.rexcheats.com/css/magnific-popup.css]
[www.rexcheats.com/css/fontawesome-all.min.css]
[www.rexcheats.com/css/odometer.css]
[www.rexcheats.com/css/aos.css]
[www.rexcheats.com/css/owl.carousel.min.css]
[www.rexcheats.com/css/meanmenu.css]
[www.rexcheats.com/css/slick.css]
[www.rexcheats.com/css/default.css]
[www.rexcheats.com/css/style.css]
[www.rexcheats.com/css/responsive.css]
[www.rexcheats.com/img/icon/preloader.svg]
[www.rexcheats.com/cdn-cgi/l/email-protection.html]
[www.rexcheats.com/img/media/logo-white-v3.png]
[www.rexcheats.com/home.html]
[www.rexcheats.com/cheats.html]
[www.rexcheats.com/blog.html]
[www.rexcheats.com/contact.html]
[www.rexcheats.com/img/slider/slider_img01.png]
[www.rexcheats.com/img/slider/slider_img02.png]
[www.rexcheats.com/img/slider/slider_circle.png]
[www.rexcheats.com/img/slider/slider_bg.jpg]
[www.rexcheats.com/cheat/apex-legends-hacks-cheats/9.html]
[www.rexcheats.com/img/media/apex.png]
[www.rexcheats.com/cheat/fortnite-hacks-cheats/11.html]
[www.rexcheats.com/img/media/fortnite.png]
[www.rexcheats.com/cheat/valorant-hacks-cheats/10.html]
[www.rexcheats.com/img/media/valorant.png]
[www.rexcheats.com/cheat/csgo-hacks-cheats/17.html]
[www.rexcheats.com/img/media/csgo.png]
[www.rexcheats.com/cheat/league-of-legends-script-hacks-cheats/13.html]
[www.rexcheats.com/img/media/leagueoflegends.png]
[www.rexcheats.com/cheat/pubg-mobile-hacks-cheats/12.html]
[www.rexcheats.com/img/media/pubgm.png]
[www.rexcheats.com/cheat/zula-free-zula-cheats-and-hacks-download-rexcheats/18.html]
[www.rexcheats.com/img/media/zula.png]
[www.rexcheats.com/cheat/gta-5-hacks-cheats/14.html]
[www.rexcheats.com/img/media/gta5.png]
[www.rexcheats.com/cheat/rainbow-six-siege-hacks-cheats/15.html]
[www.rexcheats.com/img/media/rainbow.png]
[www.rexcheats.com/cheat/rust-hacks-cheats/16.html]
[www.rexcheats.com/img/media/rust.png]
[www.rexcheats.com/cheat/warzone-free-zula-cheats-and-hacks-download/19.html]
[www.rexcheats.com/img/media/warzone.png]
[www.rexcheats.com/cheat/roblox-free-roblox-cheats-and-hacks-download/20.html]
[www.rexcheats.com/img/media/roblox.png]
[www.rexcheats.com/img/media/game-hacks-cheats.png]
[www.rexcheats.com/img/icon/video_play_icon.png]
[www.rexcheats.com/blog/how-to-download-the-valorant-cheats/8.html]
[www.rexcheats.com/contract/terms-conditions/1.html]
[www.rexcheats.com/contract/privacy-policy/2.html]
[www.rexcheats.com/contract/refund-policy/3.html]
[www.rexcheats.com/img/images/footer_fire.png]
[www.rexcheats.com/cdn-cgi/scripts/5c5dd728/cloudflare-static/email-decode.min.js]
[www.rexcheats.com/js/vendor/jquery-3.4.1.min.js]
[www.rexcheats.com/js/popper.min.js]
[www.rexcheats.com/js/bootstrap.min.js]
[www.rexcheats.com/js/isotope.pkgd.min.js]
[www.rexcheats.com/js/slick.min.js]
[www.rexcheats.com/js/jquery.meanmenu.min.js]
[www.rexcheats.com/js/wow.min.js]
[www.rexcheats.com/js/aos.js]
[www.rexcheats.com/js/jquery.lettering.js]
[www.rexcheats.com/js/jquery.textillate.js]
[www.rexcheats.com/js/jquery.odometer.min.js]
[www.rexcheats.com/js/jquery.appear.js]
[www.rexcheats.com/js/owl.carousel.min.js]
[www.rexcheats.com/js/jquery.countdown.min.js]
[www.rexcheats.com/js/jquery.scrollUp.min.js]
[www.rexcheats.com/js/imagesloaded.pkgd.min.js]
[www.rexcheats.com/js/jquery.magnific-popup.min.js]
[www.rexcheats.com/js/plugins.js]
[www.rexcheats.com/js/main.js]
[loader.wisepops.com/get-loader.4c41ce.delayed]
[www.rexcheats.com/index.html]
[www.rexcheats.com/css/bootstrap.min.css]
[www.rexcheats.com/css/animate.min.css]
[www.rexcheats.com/css/magnific-popup.css]
[www.rexcheats.com/fonts/fa-brands-400.eot]
[www.rexcheats.com/fonts/fa-brands-400-1.eot]
[www.rexcheats.com/fonts/fa-brands-400.woff2]
[www.rexcheats.com/fonts/fa-brands-400.woff]
[www.rexcheats.com/fonts/fa-brands-400.ttf]
[www.rexcheats.com/fonts/fa-brands-400.svg]
[www.rexcheats.com/fonts/fa-regular-400.eot]
[www.rexcheats.com/fonts/fa-regular-400-1.eot]
[www.rexcheats.com/fonts/fa-regular-400.woff2]
[www.rexcheats.com/fonts/fa-regular-400.woff]
[www.rexcheats.com/fonts/fa-regular-400.ttf]
[www.rexcheats.com/fonts/fa-regular-400.svg]
[www.rexcheats.com/fonts/fa-solid-900.eot]
[www.rexcheats.com/fonts/fa-solid-900-1.eot]
[www.rexcheats.com/fonts/fa-solid-900.woff2]
[www.rexcheats.com/fonts/fa-solid-900.woff]
[www.rexcheats.com/fonts/fa-solid-900.ttf]
[www.rexcheats.com/css/fontawesome-all.min.css]
[www.rexcheats.com/css/odometer.css]
[www.rexcheats.com/css/aos.css]
[www.rexcheats.com/fonts/fa-solid-900.svg]
[www.rexcheats.com/css/owl.carousel.min.css]
[www.rexcheats.com/css/meanmenu.css]
[www.rexcheats.com/css/slick.css]
[www.rexcheats.com/css/default.css]
[www.rexcheats.com/fonts/grind_demolished-webfont.woff2]
[www.rexcheats.com/fonts/grind_demolished-webfont.woff]
[www.rexcheats.com/img/images/btn_overlay.png]
[www.rexcheats.com/img/images/offer_count_bg.png]
[www.rexcheats.com/img/bg/header_bg.jpg]
[www.rexcheats.com/img/bg/header_social_bg.jpg]
[www.rexcheats.com/img/bg/h3_header_bg.jpg]
[www.rexcheats.com/img/bg/header_bottom_bg.png]
[www.rexcheats.com/img/bg/fourth_header_top_bg.jpg]
[www.rexcheats.com/img/bg/breadcrumb_bg.jpg]
[www.rexcheats.com/img/bg/breadcrumb_bg02.jpg]
[www.rexcheats.com/img/bg/breadcrumb_bg03.jpg]
[www.rexcheats.com/img/slider/slider_bg02.jpg]
[www.rexcheats.com/img/slider/third_banner_bg.jpg]
[www.rexcheats.com/img/slider/fourth_banner_bg.jpg]
[www.rexcheats.com/img/bg/brand_bg.jpg]
[www.rexcheats.com/img/bg/s_brand_bg.jpg]
[www.rexcheats.com/img/bg/area_bg01.jpg]
[www.rexcheats.com/img/bg/area_bg02.jpg]
[www.rexcheats.com/img/bg/home_four_area_bg.png]
[www.rexcheats.com/img/images/title_bar.png]
[www.rexcheats.com/img/images/title_bar02.png]
[www.rexcheats.com/img/bg/third_about_bg.jpg]
[www.rexcheats.com/img/images/section_line.png]
[www.rexcheats.com/img/bg/my_info_box_bg.png]
[www.rexcheats.com/img/images/title_bar04.png]
[www.rexcheats.com/img/images/dots.png]
[www.rexcheats.com/img/bg/released_slide_bg.jpg]
[www.rexcheats.com/img/images/released_game_brush.png]
[www.rexcheats.com/img/bg/game_manage_bg.jpg]
[www.rexcheats.com/img/bg/featured_game_bg.png]
[www.rexcheats.com/img/bg/cta_bg.jpg]
[www.rexcheats.com/img/bg/latest_match_bg.jpg]
[www.rexcheats.com/img/bg/third_team_bg.jpg]
[www.rexcheats.com/img/bg/team_content_bg.png]
[www.rexcheats.com/img/bg/team_content_hover_bg.png]
[www.rexcheats.com/img/bg/game_gallery_bg.png]
[www.rexcheats.com/img/bg/just_gamer_bg.jpg]
[www.rexcheats.com/img/images/gamers_bg_conve01.png]
[www.rexcheats.com/img/images/gamers_bg_conve02.png]
[www.rexcheats.com/img/images/title_bar03.png]
[www.rexcheats.com/img/bg/gamer_list_icon_bg.jpg]
[www.rexcheats.com/img/bg/features_bg.jpg]
[www.rexcheats.com/img/bg/home_four_shop_bg.jpg]
[www.rexcheats.com/img/bg/upc_game_bg.jpg]
[www.rexcheats.com/img/bg/donation_bg.jpg]
[www.rexcheats.com/img/bg/my_match_bg.jpg]
[www.rexcheats.com/img/bg/third_contact_bg.jpg]
[www.rexcheats.com/img/bg/footer_bg.jpg]
[www.rexcheats.com/img/bg/t_footer_bg.jpg]
[www.rexcheats.com/img/bg/s_footer_bg.jpg]
[www.rexcheats.com/css/style.css]
[www.rexcheats.com/css/responsive.css]
[www.rexcheats.com/img/icon/preloader.svg]
[www.rexcheats.com/cdn-cgi/l/email-protection.html]
[www.rexcheats.com/home.html]
[www.rexcheats.com/cheats.html]
[www.rexcheats.com/blog.html]
[www.google.com/recaptcha/apifef7.js]
[www.rexcheats.com/contact.html]
[www.rexcheats.com/upload/1.png]
[www.rexcheats.com/upload/2.png]
[www.rexcheats.com/img/images/game_section_shape.png]
[www.rexcheats.com/cheat/apex-legends-hacks-cheats/9.html]
[www.rexcheats.com/cheat/fortnite-hacks-cheats/11.html]
[www.rexcheats.com/cheat/valorant-hacks-cheats/10.html]
[www.rexcheats.com/cheat/csgo-hacks-cheats/17.html]
[www.rexcheats.com/cheat/league-of-legends-script-hacks-cheats/13.html]
[www.rexcheats.com/cheat/pubg-mobile-hacks-cheats/12.html]
[www.rexcheats.com/cheat/zula-free-zula-cheats-and-hacks-download-rexcheats/18.html]
[www.rexcheats.com/cheat/gta-5-hacks-cheats/14.html]
[www.rexcheats.com/cheat/rainbow-six-siege-hacks-cheats/15.html]
[www.rexcheats.com/cheat/rust-hacks-cheats/16.html]
[www.rexcheats.com/cheat/warzone-free-zula-cheats-and-hacks-download/19.html]
[www.rexcheats.com/cheat/roblox-free-roblox-cheats-and-hacks-download/20.html]
[www.rexcheats.com/blog/how-to-download-the-valorant-cheats/8.html]
[www.rexcheats.com/contract/terms-conditions/1.html]
[www.rexcheats.com/contract/privacy-policy/2.html]
[www.rexcheats.com/contract/refund-policy/3.html]
[loader.wisepops.com/get-loader41ce.js]
[www.rexcheats.com/fonts/fa-brands-400.svg]
[www.rexcheats.com/fonts/fa-regular-400.svg]
[www.rexcheats.com/fonts/fa-solid-900.svg]
